2024-05-26 08:39:39 error : Invalid Login Detail 
2024-05-26 08:39:59 error : Invalid login detail 
2024-06-12 06:12:13 error : firstname is a required field 
2024-06-12 08:32:05 error : userId is a required field 
2024-06-12 08:35:37 error : specialization is a required field 
2024-06-12 08:37:50 error : verificationStatus is a required field 
2024-06-12 15:43:59 error : userId is a required field 
2024-06-12 16:25:12 error : Authorization failed 
2024-06-12 16:39:48 error : We are sorry but you have already created a doctor account 
2024-06-13 20:50:24 error : startTime must be a `date` type, but the final value was: `Invalid Date` (cast from the value `"12:30"`). 
2024-06-13 20:59:23 error : endTime is a required field 
2024-06-13 21:07:29 error : startTime must be in the format HH:MM 
2024-06-13 21:56:46 error : We are sorry but you have already created a doctor account 
2024-06-13 22:48:04 error : Authorization failed 
2024-06-14 20:08:17 error : startTime must be a `date` type, but the final value was: `Invalid Date` (cast from the value `"08:30"`). 
2024-06-15 23:11:50 error : Authorization failed 
2024-06-15 23:28:13 error : column "userId" does not exist 
2024-06-15 23:31:30 error : column "doctorId" does not exist 
2024-06-15 23:35:41 error : column "userId" does not exist 
2024-06-16 06:11:57 error : Authorization failed 
2024-06-16 10:24:29 error : Authorization failed 
2024-06-16 10:24:56 error : column "userId" does not exist 
2024-06-16 13:12:19 error : startTime must be a `date` type, but the final value was: `Invalid Date` (cast from the value `"12:30:00"`). 
2024-06-17 15:15:47 error : Authorization failed 
2024-06-17 15:18:46 error : gender is a required field 
2024-06-17 15:39:26 error : Could not get patient 
2024-06-17 15:43:15 error : WHERE parameter "userId" has invalid "undefined" value 
2024-06-17 15:50:24 error : Could not get patient 
2024-06-17 15:51:27 error : Could not get patient 
2024-06-17 15:51:36 error : WHERE parameter "userId" has invalid "undefined" value 
2024-06-17 15:55:32 error : We are sorry but you have already created a patient account 
2024-06-17 17:12:54 error : date is a required field 
2024-06-17 17:14:52 error : date is a required field 
2024-06-17 17:15:19 error : reason is a required field 
2024-06-17 17:15:51 error : patientId is a required field 
2024-06-17 17:19:37 error : timeslotId is a required field 
2024-06-18 16:33:27 error : date is a required field 
2024-06-18 16:37:54 error : invalid input syntax for type uuid: "12345677" 
2024-06-18 16:40:19 error : Could not get appointment 
2024-06-19 04:41:26 error : notNull Violation: MessageModel.senderId cannot be null 
2024-06-19 04:56:09 error : Authorization failed 
2024-06-20 07:08:46 error : Could not get appointment 
2024-06-23 06:56:35 error : Authorization failed 
2024-06-23 07:12:39 error : Authorization failed 
2024-06-23 07:13:12 error : UserModel is associated to LikeModel using an alias. You've included an alias (userLikes), but it does not match the alias(es) defined in your association (UserModel). 
2024-06-23 07:14:00 error : UserModel is associated to LikeModel using an alias. You've included an alias (userLikes), but it does not match the alias(es) defined in your association (UserModel). 
2024-06-23 07:16:38 error : UserModel is associated to LikeModel using an alias. You've included an alias (userLikes), but it does not match the alias(es) defined in your association (UserModel). 
2024-06-23 07:18:04 error : UserModel is associated to LikeModel using an alias. You've included an alias (userLikes), but it does not match the alias(es) defined in your association (UserModel). 
2024-06-23 07:49:01 error : invalid input syntax for type uuid: "all-post" 
2024-06-23 07:51:56 error : invalid input syntax for type uuid: "all-post" 
2024-06-23 07:54:46 error : invalid input syntax for type uuid: "allpost" 
2024-06-23 07:57:20 error : invalid input syntax for type uuid: "all-post" 
2024-06-23 08:02:46 error : notNull Violation: LikeModel.userId cannot be null 
2024-06-23 08:03:40 error : notNull Violation: LikeModel.userId cannot be null 
2024-06-23 08:09:24 error : content is a required field 
2024-06-23 08:14:39 error : invalid input syntax for type uuid: "all-post" 
2024-06-23 08:16:58 error : We are sorry but you have already created a doctor account 
2024-06-23 08:17:39 error : Authorization failed 
2024-06-23 08:20:52 error : invalid input syntax for type uuid: "all-post" 
2024-06-23 08:21:32 error : Authorization failed 
2024-06-23 08:21:45 error : invalid input syntax for type uuid: "all" 
2024-06-23 09:40:30 error : Authorization failed 
2024-06-23 09:40:46 error : Could not get patient 
2024-06-23 10:30:59 error : Could not get patient 
2024-06-23 10:33:15 error : WHERE parameter "userId" has invalid "undefined" value 
2024-06-23 10:44:18 error : WHERE parameter "patientId" has invalid "undefined" value 
2024-06-23 10:46:24 error : Could not get patient 
2024-06-23 10:47:23 error : Could not get patient 
2024-06-23 10:48:30 error : Could not get patient 
2024-06-23 11:03:49 error : Authorization failed 
2024-06-23 11:22:27 error : Authorization failed 
2024-06-23 16:29:25 error : Authorization failed 
2024-06-23 16:29:46 error : Authorization failed 
2024-06-23 16:30:52 error : WHERE parameter "id" has invalid "undefined" value 
2024-06-23 16:44:05 error : WHERE parameter "id" has invalid "undefined" value 
2024-06-24 23:41:24 error : Authorization failed 
2024-06-24 23:42:56 error : weight is a required field 
2024-06-24 23:43:38 error : bloodPressure is a required field 
2024-06-24 23:44:06 error : height must be a positive number 
2024-06-24 23:46:31 error : respiratoryRate is a required field 
2024-06-24 23:46:43 error : notNull Violation: VitalSignModel.patientId cannot be null,
notNull Violation: VitalSignModel.appointmentId cannot be null 
2024-06-24 23:48:48 error : insert or update on table "vitalsigns" violates foreign key constraint "vitalsigns_doctorId_fkey" 
2024-06-24 23:49:20 error : insert or update on table "vitalsigns" violates foreign key constraint "vitalsigns_doctorId_fkey" 
2024-06-24 23:50:49 error : insert or update on table "vitalsigns" violates foreign key constraint "vitalsigns_patientId_fkey" 
2024-06-25 07:21:32 error : insert or update on table "vitalsigns" violates foreign key constraint "vitalsigns_patientId_fkey" 
2024-06-25 07:48:50 error : invalid input syntax for type uuid: "all" 
2024-06-25 08:11:15 error : WHERE parameter "id" has invalid "undefined" value 
2024-06-25 08:20:24 error : WHERE parameter "id" has invalid "undefined" value 
2024-06-27 11:31:22 error : firstname is a required field 
2024-06-27 11:39:48 error : firstname is a required field 
2024-06-27 13:58:19 error : User with email address already exists 
2024-06-27 14:01:28 error : User with email address already exists 
2024-06-27 14:06:16 error : User with email address already exists 
2024-06-27 14:34:53 error : User with email address already exists 
2024-06-27 17:09:11 error : User with email address already exists 
2024-06-27 17:11:38 error : Invalid login detail 
2024-06-28 07:11:54 error : Invalid login detail 
2024-06-28 11:37:25 error : We are sorry but you have already created a doctor account 
2024-06-28 15:31:11 error : User with email address already exists 
2024-06-28 15:31:55 error : User with email address already exists 
2024-06-30 14:52:02 error : Invalid login detail 
2024-07-01 20:59:11 error : Authorization failed 
2024-07-01 20:59:48 error : presentingComplaints is a required field 
2024-07-01 21:04:46 error : diagnosticImpression is a required field 
2024-07-01 21:06:16 error : investigations is a required field 
2024-07-01 21:06:24 error : treatment is a required field 
2024-07-01 21:17:18 error : Authorization failed 
2024-07-01 21:46:44 error : presentingComplaints is a required field 
2024-07-01 21:47:22 error : notNull Violation: PrescriptionModel.consultationId cannot be null,
notNull Violation: PrescriptionModel.medications cannot be null 
2024-07-01 21:51:06 error : notNull Violation: PrescriptionModel.medications cannot be null 
2024-07-01 21:54:18 error : notNull Violation: PrescriptionModel.medications cannot be null 
2024-07-06 18:52:57 error : User with email address already exists 
2024-07-06 20:10:41 error : UserModel is associated to PatientModel using an alias. You've included an alias (user), but it does not match the alias(es) defined in your association (UserModel). 
2024-07-06 20:16:22 error : UserModel is associated to PatientModel using an alias. You've included an alias (users), but it does not match the alias(es) defined in your association (UserModel). 
2024-07-06 20:20:57 error : UserModel is associated to PatientModel using an alias. You've included an alias (users), but it does not match the alias(es) defined in your association (user). 
2024-07-06 20:27:59 error : Could not get patient 
2024-07-06 20:28:09 error : Could not get patient 
2024-07-07 17:10:25 error : Authorization failed 
2024-07-07 17:11:00 error : column Doctor.language does not exist 
2024-07-07 17:12:02 error : column Doctor.language does not exist 
2024-07-07 17:12:57 error : column postDoctor.language does not exist 
2024-07-09 18:34:40 error : Authorization failed 
2024-07-09 18:35:17 error : invalid input syntax for type uuid: "all-doctor" 
2024-07-09 18:51:41 error : Authorization failed 
2024-07-09 19:40:50 error : Invalid Login Detail 
2024-07-09 19:41:22 error : Invalid Login Detail 
2024-07-09 19:48:00 error : Authorization failed 
2024-07-11 17:01:40 error : User with email address already exists 
2024-07-11 20:21:41 error : invalid input syntax for type uuid: "all-doctor" 
2024-07-11 20:21:59 error : Authorization failed 
2024-07-11 20:25:13 error : invalid input syntax for type uuid: "all-time-slot" 
2024-07-11 20:28:44 error : invalid input syntax for type uuid: "all-time-slot" 
2024-07-11 20:31:01 error : invalid input syntax for type uuid: "all" 
2024-07-11 20:34:38 error : insert or update on table "messages" violates foreign key constraint "messages_receiverId_fkey" 
2024-07-11 20:47:26 error : Authorization failed 
2024-07-11 20:50:05 error : Authorization failed 
2024-07-11 20:51:20 error : Authorization failed 
2024-07-11 20:51:36 error : invalid input syntax for type uuid: "all" 
2024-07-12 21:33:05 error : Authorization failed 
2024-07-12 21:34:19 error : notNull Violation: CallModel.patientId cannot be null,
notNull Violation: CallModel.appointmentId cannot be null 
2024-07-12 21:36:49 error : insert or update on table "calls" violates foreign key constraint "calls_doctorId_fkey" 
2024-07-12 21:39:08 error : Patient does not have a phone number. 
2024-07-12 21:40:49 error : Patient does not have a phone number. 
2024-07-13 22:20:50 error : Invalid login detail 
2024-07-13 22:23:07 error : Invalid login detail 
2024-07-14 08:07:46 error : Invalid login detail 
2024-07-14 17:25:18 error : Invalid login detail 
2024-07-14 17:37:44 error : value too long for type character varying(255) 
2024-07-14 17:37:52 error : value too long for type character varying(255) 
2024-07-14 18:02:01 error : Authorization failed 
2024-07-14 18:02:46 error : Authorization failed 
2024-07-14 18:02:57 error : Authorization failed 
2024-07-14 18:04:05 error : Authorization failed 
2024-07-14 18:04:15 error : Authorization failed 
2024-07-14 18:04:16 error : Authorization failed 
2024-07-14 18:04:51 error : Authorization failed 
2024-07-14 18:04:59 error : Authorization failed 
2024-07-15 22:56:48 error : Authorization failed 
2024-07-15 22:57:10 error : Post not found 
2024-07-21 05:01:07 error : Invalid login detail 
2024-07-23 19:49:38 error : Invalid login detail 
2024-07-23 22:07:38 error : Url is not a valid URL: undefined/twilio/voice?appointmentId=9d74fdea-3cbc-40d4-9cf0-8bf68535c849 
2024-07-23 22:23:19 error : The phone number you are attempting to call, 00237673461722, is not valid. 
2024-07-23 22:24:16 error : The number +237673461722 is unverified. Trial accounts may only make calls to verified numbers. 
2024-07-23 22:25:07 error : Account not authorized to call +237670203775. Perhaps you need to enable some international permissions: https://www.twilio.com/console/voice/calls/geo-permissions/low-risk 
2024-07-23 22:54:24 error : Invalid religion 
2024-07-23 23:03:53 error : insert or update on table "calls" violates foreign key constraint "calls_patientId_fkey" 
2024-07-24 09:59:46 error : jwt must be provided 
2024-07-24 22:34:56 error : Invalid Login Detail 
2024-07-24 22:35:09 error : Invalid login detail 
2024-07-24 22:35:16 error : Invalid login detail 
2024-07-24 22:35:26 error : Invalid login detail 
2024-07-24 22:35:31 error : Invalid login detail 
2024-07-24 22:35:43 error : Invalid login detail 
2024-07-24 22:47:10 error : jwt malformed 
2024-07-24 22:47:10 error : jwt malformed 
2024-07-24 22:47:39 error : jwt malformed 
2024-07-24 22:47:39 error : jwt malformed 
2024-07-25 10:17:38 error : jwt expired 
2024-07-25 10:20:07 error : insert or update on table "vitalsigns" violates foreign key constraint "vitalsigns_patientId_fkey" 
2024-07-25 10:22:21 error : insert or update on table "vitalsigns" violates foreign key constraint "vitalsigns_patientId_fkey" 
2024-07-25 10:24:45 error : notNull Violation: VitalSignModel.appointmentId cannot be null 
2024-07-25 10:24:57 error : invalid input syntax for type uuid: "" 
2024-07-25 13:13:27 error : Invalid time format. Expected format: HH:MI:SS 
2024-07-25 13:13:43 error : Invalid time format. Expected format: HH:MI:SS 
2025-05-13 17:02:18 error : firstname is a required field 
2025-05-13 17:03:11 error : Missing credentials for "PLAIN" 
2025-05-13 17:12:15 error : User with email address already exists 
2025-05-13 17:12:41 error : Missing credentials for "PLAIN" 
2025-05-21 16:05:29 error : jwt malformed 
2025-05-21 16:05:29 error : jwt malformed 
2025-05-21 16:16:14 error : Cannot set properties of undefined (setting 'user') 
2025-05-21 16:16:14 error : Cannot set properties of undefined (setting 'user') 
2025-05-21 16:44:56 error : Authorization failed 
2025-05-21 16:45:25 error : Cannot set properties of undefined (setting 'user') 
2025-05-21 16:48:23 error : Cannot set properties of undefined (setting 'user') 
2025-05-21 17:39:14 error : Cannot set properties of undefined (setting 'user') 
2025-05-21 17:46:12 error : Cannot set properties of undefined (setting 'user') 
2025-05-21 17:49:05 error : Authorization failed 
2025-05-21 17:50:17 error : Cannot set properties of undefined (setting 'user') 
2025-05-21 18:05:05 error : Cannot set properties of undefined (setting 'user') 
2025-05-21 18:12:36 error : startTime is a required field 
2025-05-21 18:15:34 error : Invalid time format. Expected format: HH:MI:SS 
2025-05-21 18:18:08 error : Invalid time format. Expected format: HH:MI:SS 
2025-05-24 15:45:44 error : Invalid Login Detail 
2025-05-24 16:25:52 error : Invalid time format. Expected format: HH:MI:SS 
2025-05-24 16:27:25 error : Invalid time format. Expected format: HH:MI:SS 
2025-05-24 16:49:59 error : Doctor not found 
2025-05-24 16:57:41 error : Cannot set properties of undefined (setting 'user') 
2025-05-24 17:01:36 error : Cannot set properties of undefined (setting 'user') 
2025-05-24 17:01:41 error : Cannot set properties of undefined (setting 'user') 
2025-05-24 17:05:29 error : Authorization failed 
2025-05-24 17:53:37 error : insert or update on table "notifications" violates foreign key constraint "notifications_userId_fkey" 
2025-05-24 17:54:59 error : insert or update on table "notifications" violates foreign key constraint "notifications_userId_fkey" 
2025-05-24 18:40:51 error : invalid input syntax for type uuid: "appointments" 
2025-05-24 18:43:27 error : invalid input syntax for type uuid: "time" 
2025-05-24 18:57:31 error : invalid input syntax for type uuid: "appointments" 
2025-05-24 18:59:05 error : invalid input syntax for type uuid: "appointments" 
2025-05-24 20:40:09 error : jwt malformed 
2025-05-24 20:40:09 error : jwt malformed 
2025-05-24 20:40:42 error : jwt malformed 
2025-05-24 20:40:42 error : jwt malformed 
2025-05-24 20:44:06 error : Authorization failed 
2025-05-25 17:26:20 error : Authorization failed 
2025-05-25 17:27:46 error : presentingComplaints is a required field 
2025-05-25 17:35:51 error : diagnosticImpression is a required field 
2025-05-25 17:36:24 error : investigations is a required field 
2025-05-25 17:37:09 error : investigations is a required field 
2025-05-25 17:37:15 error : treatment is a required field 
2025-05-25 17:37:36 error : notNull Violation: ConsultationModel.appointmentId cannot be null 
2025-05-25 17:52:43 error : Authorization failed 
2025-05-26 05:22:58 error : insert or update on table "posts" violates foreign key constraint "posts_doctorId_fkey" 
2025-05-26 05:52:31 error : invalid input syntax for type uuid: "doctore9221072-e711-4742-8767-bb17ebc77dc3" 
2025-05-26 06:23:51 error : Cannot read properties of undefined (reading 'userId') 
2025-05-26 06:26:28 error : WHERE parameter "userId" has invalid "undefined" value 
2025-05-26 06:27:19 error : Cannot read properties of undefined (reading 'userId') 
2025-05-26 06:31:04 error : Cannot read properties of undefined (reading 'user') 
2025-05-27 15:07:39 error : Authorization failed 
2025-05-27 15:09:18 error : insert or update on table "messages" violates foreign key constraint "messages_receiverId_fkey" 
2025-05-27 15:12:46 error : Receiver not found 
2025-05-27 15:13:24 error : Receiver not found 
2025-05-27 15:21:26 error : Receiver not found 
2025-05-27 15:21:57 error : Receiver not found 
2025-05-27 15:22:52 error : Receiver not found 
2025-05-27 15:27:40 error : Receiver not found 
2025-05-27 15:33:56 error : Receiver not found 
2025-05-27 15:37:55 error : Receiver not found 
2025-06-05 07:53:34 error : notNull Violation: PrescriptionModel.consultationId cannot be null,
notNull Violation: PrescriptionModel.medications cannot be null 
2025-06-05 07:57:53 error : Cannot read properties of undefined (reading 'consultationId') 
2025-06-05 07:59:10 error : notNull Violation: PrescriptionModel.medications cannot be null 
2025-06-05 08:04:41 error : notNull Violation: PrescriptionModel.medications cannot be null 
2025-06-05 08:38:07 error : null value in column "medications" of relation "prescriptions" violates not-null constraint 
2025-06-05 08:49:05 error : null value in column "medications" of relation "prescriptions" violates not-null constraint 
2025-06-06 15:57:56 error : specialization is a required field 
2025-06-06 16:01:29 error : specialization is a required field 
2025-06-06 16:13:39 error : documents is a required field 
2025-06-06 16:33:07 error : Invalid religion 
2025-06-07 16:58:26 error : column Doctor.isVerified does not exist 
2025-06-07 18:12:46 error : Token has expired or is invalid 
2025-06-16 15:03:36 error : lastname is a required field 
2025-06-23 13:18:04 error : Doctor ID is required 
2025-06-23 13:21:35 error : Document URL must be a valid URL 
2025-06-23 14:11:15 error : Doctor ID is required 
2025-06-23 14:12:20 error : User ID is required 
2025-06-23 14:14:17 error : User ID is required 
2025-06-23 14:16:43 error : User ID is required 
2025-06-23 14:17:02 error : User ID is required 
2025-06-23 14:17:19 error : User ID is required 
2025-06-23 14:17:45 error : User ID is required 
2025-06-23 14:22:35 error : Document URL is required 
2025-06-23 14:25:57 error : User ID is required 
2025-06-23 14:26:01 error : User ID is required 
2025-06-23 14:26:03 error : User ID is required 
2025-06-23 14:26:04 error : User ID is required 
2025-06-23 14:26:44 error : User ID is required 
2025-06-23 14:29:39 error : Document URL is required 
2025-06-23 14:30:24 error : Document URL is required 
2025-06-23 14:32:08 error : Document URL is required 
2025-06-23 18:58:02 error : Kyc Verification request already exists, please wait for approval  
2025-06-24 16:14:13 error : Kyc Verification request already exists, please wait for approval  
2025-06-27 23:31:59 error : Authorization failed 
2025-06-27 23:32:19 error : User not authenticated 
2025-06-27 23:42:42 error : firstname is a required field 
2025-06-30 09:11:25 error : Authorization failed 
2025-06-30 09:13:58 error : specialization is a required field 
2025-06-30 09:14:38 error : password must be at least 6 characters 
2025-06-30 09:15:07 error : Invalid login detail 
2025-06-30 09:15:50 error : Invalid login detail 
2025-06-30 12:45:14 error : specialization is a required field 
2025-06-30 12:45:29 error : specialization is a required field 
2025-06-30 12:45:44 error : documents is a required field 
2025-07-01 06:21:08 error : Authorization failed 
2025-07-01 06:29:50 error : Authorization failed 
2025-07-01 06:34:36 error : Access denied. Admin privileges required 
2025-07-01 06:41:15 error : Doctor email is required 
2025-07-01 06:41:46 error : Doctor email is required 
2025-07-01 06:48:31 error : Doctor cannot be approved until KYC verification is completed 
2025-07-01 06:52:11 error : Doctor email is required 
2025-07-01 06:54:36 error : Invalid KYC status. Must be 'approved' or 'rejected' 
2025-07-16 12:41:00 error : The domain is not verified 
2025-07-19 22:45:28 error : Authorization failed 
2025-07-19 22:45:33 error : Authorization failed 
2025-07-19 22:45:42 error : Authorization failed 
2025-07-19 22:59:21 error : Authorization failed 
2025-07-19 23:04:48 error : Authorization failed 
2025-07-19 23:05:26 error : Authorization failed 
2025-07-19 23:07:49 error : Authorization failed 
2025-07-19 23:07:49 error : Authorization failed 
2025-07-19 23:08:15 error : Authorization failed 
2025-07-19 23:08:15 error : Authorization failed 
2025-07-19 23:08:26 error : Authorization failed 
2025-07-19 23:32:50 error : Authorization failed 
2025-07-19 23:51:15 error : Authorization failed 
2025-07-19 23:51:58 error : Authorization failed 
2025-07-20 00:42:40 error : Authorization failed 
2025-07-20 07:29:55 error : Authorization failed 
2025-07-20 08:46:30 error : Authorization failed 
2025-07-20 08:57:03 error : Authorization failed 
2025-07-20 08:58:11 error : Authorization failed 
2025-07-20 09:24:35 error : Authorization failed 
2025-07-20 09:38:24 error : Authorization failed 
2025-07-20 09:38:48 error : Authorization failed 
2025-07-20 11:03:41 error : Authorization failed 
2025-07-20 12:23:32 error : Authorization failed 
2025-07-20 12:23:46 error : Authorization failed 
2025-07-20 12:23:54 error : Authorization failed 
2025-07-20 12:23:58 error : Authorization failed 
2025-07-20 12:24:04 error : Authorization failed 
2025-07-20 12:24:15 error : Authorization failed 
2025-07-20 12:24:25 error : Authorization failed 
2025-07-20 12:24:30 error : Authorization failed 
2025-07-20 12:25:03 error : Authorization failed 
2025-07-20 12:39:47 error : Authorization failed 
2025-07-20 12:39:53 error : Authorization failed 
2025-07-20 12:40:10 error : Authorization failed 
2025-07-20 12:40:14 error : Authorization failed 
2025-07-20 12:40:19 error : Authorization failed 
2025-07-20 12:40:25 error : Authorization failed 
2025-07-20 12:40:32 error : Authorization failed 
2025-07-20 12:45:47 error : Authorization failed 
2025-07-20 12:45:54 error : Authorization failed 
2025-07-20 12:48:27 error : Authorization failed 
2025-07-20 12:50:30 error : Authorization failed 
2025-07-20 12:50:35 error : Authorization failed 
2025-07-20 12:50:41 error : Authorization failed 
2025-07-20 12:50:46 error : Authorization failed 
2025-07-20 12:51:03 error : Authorization failed 
2025-07-20 12:51:18 error : Authorization failed 
2025-07-20 12:51:28 error : Authorization failed 
2025-07-20 13:06:46 error : Authorization failed 
2025-07-20 13:20:25 error : Authorization failed 
2025-07-20 13:20:59 error : Authorization failed 
2025-07-20 13:21:02 error : Authorization failed 
2025-07-20 13:21:06 error : Authorization failed 
2025-07-20 13:23:47 error : Authorization failed 
2025-07-20 14:12:26 error : Authorization failed 
2025-07-20 14:12:37 error : Authorization failed 
2025-07-20 14:13:10 error : Authorization failed 
2025-07-20 14:13:43 error : Authorization failed 
2025-07-20 19:46:57 error : Authorization failed 
2025-07-20 20:05:24 error : Authorization failed 
2025-07-20 20:05:36 error : Authorization failed 
2025-07-21 03:33:56 error : Authorization failed 
2025-07-21 03:34:00 error : Authorization failed 
2025-07-21 03:34:16 error : Authorization failed 
2025-07-21 03:41:38 error : Authorization failed 
2025-07-21 03:41:44 error : Authorization failed 
2025-07-21 03:41:44 error : Authorization failed 
2025-07-21 03:42:15 error : Authorization failed 
2025-07-21 03:42:15 error : Authorization failed 
2025-07-21 03:42:15 error : Authorization failed 
2025-07-21 03:47:29 error : Authorization failed 
2025-07-21 03:48:17 error : Authorization failed 
2025-07-21 03:48:17 error : Authorization failed 
2025-07-21 03:48:23 error : Authorization failed 
2025-07-21 03:48:23 error : Authorization failed 
2025-07-21 03:48:57 error : Authorization failed 
2025-07-21 03:48:57 error : Authorization failed 
2025-07-21 03:48:58 error : Authorization failed 
2025-07-21 03:48:58 error : Authorization failed 
2025-07-21 03:49:07 error : Authorization failed 
2025-07-21 04:16:34 error : Authorization failed 
2025-07-21 04:16:43 error : Authorization failed 
2025-07-21 04:27:30 error : Authorization failed 
2025-07-21 04:28:29 error : Authorization failed 
2025-07-21 04:31:13 error : Authorization failed 
2025-07-21 04:31:27 error : Authorization failed 
2025-07-21 04:53:03 error : Authorization failed 
2025-07-21 04:53:30 error : Authorization failed 
2025-07-21 04:53:39 error : Authorization failed 
2025-07-21 04:55:32 error : Authorization failed 
2025-07-21 04:56:50 error : Authorization failed 
2025-07-21 05:00:45 error : Authorization failed 
2025-07-21 05:01:20 error : Authorization failed 
2025-07-21 05:01:59 error : Authorization failed 
2025-07-21 05:26:39 error : Authorization failed 
2025-07-21 05:26:52 error : Authorization failed 
2025-07-21 05:35:38 error : Authorization failed 
2025-07-21 05:37:19 error : Authorization failed 
2025-07-21 05:37:20 error : Authorization failed 
2025-07-21 05:37:31 error : Authorization failed 
2025-07-21 05:37:31 error : Authorization failed 
2025-07-21 05:44:51 error : Authorization failed 
2025-07-21 05:46:30 error : Authorization failed 
2025-07-21 05:53:49 error : Authorization failed 
2025-07-21 06:00:23 error : Authorization failed 
2025-07-21 06:00:42 error : Authorization failed 
2025-07-21 06:24:27 error : Authorization failed 
2025-07-21 06:25:06 error : Authorization failed 
2025-07-21 06:25:15 error : Authorization failed 
2025-07-21 06:25:22 error : Authorization failed 
2025-07-21 06:25:28 error : Authorization failed 
2025-07-21 06:29:14 error : Authorization failed 
2025-07-21 06:31:28 error : Authorization failed 
2025-07-26 06:00:24 error : Invalid login: 535-5.7.8 Username and Password not accepted. For more information, go to
535 5.7.8  https://support.google.com/mail/?p=BadCredentials ffacd0b85a97d-3b778f1e797sm1663592f8f.70 - gsmtp 
2025-07-28 05:04:45 error : email is a required field 
2025-07-28 05:05:36 error : Invalid login detail 
2025-07-28 05:34:14 error : Authorization failed 
2025-07-28 05:39:23 error : Authorization failed 
2025-07-28 05:39:53 error : Authorization failed 
2025-07-28 05:40:21 error : Authorization failed 
2025-07-28 05:40:29 error : Authorization failed 
2025-07-28 05:40:56 error : Authorization failed 
2025-07-28 05:45:04 error : jwt expired 
2025-07-28 06:14:15 error : Authorization failed 
2025-07-28 06:14:20 error : Authorization failed 
2025-07-28 06:14:21 error : Authorization failed 
2025-07-28 06:14:21 error : Authorization failed 
2025-07-28 06:14:21 error : Authorization failed 
2025-07-28 06:14:42 error : Authorization failed 
2025-07-28 06:14:49 error : Authorization failed 
2025-07-28 06:14:51 error : Authorization failed 
2025-07-28 06:14:58 error : Authorization failed 
2025-07-28 06:15:06 error : Authorization failed 
2025-07-28 06:15:17 error : Authorization failed 
2025-07-28 06:15:20 error : Authorization failed 
2025-07-28 06:15:20 error : Authorization failed 
2025-07-28 06:15:26 error : Authorization failed 
2025-07-28 06:15:26 error : Authorization failed 
2025-07-28 06:20:41 error : Authorization failed 
2025-07-28 06:20:41 error : Authorization failed 
2025-07-28 06:24:21 error : Authorization failed 
2025-07-28 06:24:25 error : Authorization failed 
2025-07-28 06:24:30 error : Authorization failed 
2025-07-28 06:24:30 error : Authorization failed 
2025-07-28 06:25:10 error : Authorization failed 
2025-07-28 06:25:10 error : Authorization failed 
2025-07-28 06:29:18 error : Authorization failed 
2025-07-28 06:29:21 error : Authorization failed 
2025-07-28 06:30:01 error : Authorization failed 
2025-07-28 06:30:01 error : Authorization failed 
2025-07-28 06:30:01 error : Authorization failed 
2025-07-28 06:30:12 error : Authorization failed 
2025-07-28 06:30:12 error : Authorization failed 
2025-07-28 06:30:19 error : Authorization failed 
2025-07-28 06:30:19 error : Authorization failed 
2025-07-28 06:30:43 error : Authorization failed 
2025-07-28 06:30:51 error : Authorization failed 
2025-07-28 08:36:08 error : Authorization failed 
2025-07-28 08:36:08 error : Authorization failed 
2025-07-28 08:37:37 error : Authorization failed 
2025-07-28 08:37:37 error : Authorization failed 
2025-07-28 08:38:33 error : Authorization failed 
2025-07-28 08:38:33 error : Authorization failed 
2025-07-28 08:44:31 error : Authorization failed 
2025-07-28 08:44:31 error : Authorization failed 
2025-07-28 08:45:09 error : Authorization failed 
2025-07-28 08:45:09 error : Authorization failed 
2025-07-28 08:50:16 error : gender is a required field 
2025-07-28 08:50:30 error : gender must be one of the following values: MALE, FEMALE, OTHER 
2025-07-28 08:50:40 error : age is a required field 
2025-07-28 08:50:57 error : age is a required field 
2025-07-28 09:06:30 error : Authorization failed 
2025-07-28 09:06:30 error : Authorization failed 
2025-07-28 09:06:35 error : Authorization failed 
2025-07-28 10:32:58 error : Doctor cannot be approved until KYC verification is completed 
2025-07-28 10:37:59 error : Doctor cannot be approved until KYC verification is completed 
2025-07-31 07:00:33 error : jwt expired 
2025-07-31 07:02:28 error : Authorization failed 
2025-07-31 07:03:27 error : jwt expired 
2025-07-31 07:14:50 error : jwt expired 
2025-07-31 07:15:11 error : WHERE parameter "id" has invalid "undefined" value 
2025-07-31 08:05:48 error : Consultation not found 
2025-08-03 07:55:35 error : jwt expired 
2025-08-03 08:10:03 error : jwt expired 
2025-08-03 08:11:26 error : jwt expired 
2025-08-03 08:36:46 error : startTime.getTime is not a function 
2025-08-03 08:56:04 error : Timeslot validation failed: Start date must be today or a future date, Start time must be at least 30 minutes from the current time 
2025-08-03 08:56:37 error : Timeslot validation failed: Start date must be today or a future date, Start time must be at least 30 minutes from the current time, End time must be at least 30 minutes after start time, Start time must be before end time 
2025-08-03 08:56:43 error : Timeslot validation failed: End time must be at least 30 minutes after start time, Start time must be before end time 
2025-08-03 08:56:59 error : Timeslot validation failed: End time must be at least 30 minutes after start time, Start time must be before end time 
2025-08-03 08:58:15 error : Timeslot validation failed: End time must be at least 30 minutes after start time, Start time must be before end time 
2025-08-03 08:58:56 error : Timeslot validation failed: End time must be at least 30 minutes after start time, Start time must be before end time 
